<html>
<body>
<pre>
<h1>µVision Build Log</h1>
<h2>Tool Versions:</h2>
IDE-Version: ¦ÌVision V5.21.1.0
Copyright (C) 2016 ARM Ltd and ARM Germany GmbH. All rights reserved.
License Information: Pengyu Qu, Personal, LIC=8VRJ7-EBUW5-BS2YX-HPGPI-4EUBD-8IHK2
 
Tool Versions:
Toolchain:       MDK-ARM Plus  Version: 5.21a
Toolchain Path:  D:\MDK5\ARM\ARMCC\Bin
C Compiler:      Armcc.exe V5.06 update 3 (build 300)
Assembler:       Armasm.exe V5.06 update 3 (build 300)
Linker/Locator:  ArmLink.exe V5.06 update 3 (build 300)
Library Manager: ArmAr.exe V5.06 update 3 (build 300)
Hex Converter:   FromElf.exe V5.06 update 3 (build 300)
CPU DLL:         SARMCM3.DLL V5.21a
Dialog DLL:      DCM.DLL V1.13.8.0
Target DLL:      STLink\ST-LINKIII-KEIL_SWO.dll V2.0.18.0
Dialog DLL:      TCM.DLL V1.14.14.0
 
<h2>Project:</h2>
C:\Users\86156\Desktop\bootloader_test\Project\STM32F103.uvprojx
Project File Date:  02/02/2023

<h2>Output:</h2>
*** Using Compiler 'V5.06 update 3 (build 300)', folder: 'D:\MDK5\ARM\ARMCC\Bin'
Rebuild target 'STMBootLoader'
compiling stm32f10x_it.c...
compiling stm32f10x_dac.c...
compiling stm32f10x_bkp.c...
compiling misc.c...
compiling stm32f10x_dbgmcu.c...
compiling stm32f10x_exti.c...
compiling main.c...
compiling stm32f10x_cec.c...
compiling stm32f10x_crc.c...
compiling stm32f10x_adc.c...
compiling usart.c...
..\User\usart\usart.c(3): warning:  #177-D: function "NVIC_Configuration" was declared but never referenced
  static void NVIC_Configuration(void)
..\User\usart\usart.c: 1 warning, 0 errors
compiling stm32f10x_can.c...
compiling stm32f10x_dma.c...
compiling stm32f10x_flash.c...
compiling stm32f10x_fsmc.c...
compiling stm32f10x_gpio.c...
compiling stm32f10x_i2c.c...
assembling startup_stm32f10x_md.s...
compiling core_cm3.c...
compiling stm32f10x_pwr.c...
compiling stm32f10x_spi.c...
compiling stm32f10x_iwdg.c...
compiling stm32f10x_rtc.c...
compiling stm32f10x_sdio.c...
compiling stm32f10x_usart.c...
compiling stm32f10x_rcc.c...
compiling stm32f10x_wwdg.c...
compiling system_stm32f10x.c...
compiling stm32f10x_tim.c...
linking...
Program Size: Code=4512 RO-data=268 RW-data=48 ZI-data=1024  
FromELF: creating hex file...
After Build - User command #1: fromelf --bin -o ".\bin_file\STMBootLoader.bin" "C:\Users\86156\Desktop\bootloader_test\Project\Objects\STMBootLoader.axf"
".\Objects\STMBootLoader.axf" - 0 Error(s), 1 Warning(s).

<h2>Collection of Component include folders:</h2>
  C:\Users\86156\Desktop\bootloader_test\Project\RTE
  D:\MDK5\ARM\PACK\Keil\STM32F1xx_DFP\2.2.0\Device\Include

<h2>Collection of Component Files used:</h2>
Build Time Elapsed:  00:00:03
</pre>
</body>
</html>
