<html>
<body>
<pre>
<h1>µVision Build Log</h1>
<h2>Tool Versions:</h2>
IDE-Version: ¦ÌVision V5.21.1.0
Copyright (C) 2016 ARM Ltd and ARM Germany GmbH. All rights reserved.
License Information: Pengyu Qu, Personal, LIC=8VRJ7-EBUW5-BS2YX-HPGPI-4EUBD-8IHK2
 
Tool Versions:
Toolchain:       MDK-ARM Plus  Version: 5.21a
Toolchain Path:  D:\MDK5\ARM\ARMCC\Bin
C Compiler:      Armcc.exe V5.06 update 3 (build 300)
Assembler:       Armasm.exe V5.06 update 3 (build 300)
Linker/Locator:  ArmLink.exe V5.06 update 3 (build 300)
Library Manager: ArmAr.exe V5.06 update 3 (build 300)
Hex Converter:   FromElf.exe V5.06 update 3 (build 300)
CPU DLL:         SARMCM3.DLL V5.21a
Dialog DLL:      DCM.DLL V1.13.8.0
Target DLL:      STLink\ST-LINKIII-KEIL_SWO.dll V2.0.18.0
Dialog DLL:      TCM.DLL V1.14.14.0
 
<h2>Project:</h2>
C:\Users\86156\Documents\GitHub\bootloader\Project\STM32F103.uvprojx
Project File Date:  02/02/2023

<h2>Output:</h2>
*** Using Compiler 'V5.06 update 3 (build 300)', folder: 'D:\MDK5\ARM\ARMCC\Bin'
Build target 'STMBootLoader'
compiling main.c...
linking...
Program Size: Code=4600 RO-data=268 RW-data=48 ZI-data=1024  
FromELF: creating hex file...
After Build - User command #1: fromelf --bin -o ".\bin_file\STMBootLoader.bin" "C:\Users\86156\Documents\GitHub\bootloader\Project\Objects\STMBootLoader.axf"
".\Objects\STMBootLoader.axf" - 0 Error(s), 0 Warning(s).

<h2>Collection of Component include folders:</h2>
  C:\Users\86156\Documents\GitHub\bootloader\Project\RTE
  D:\MDK5\ARM\PACK\Keil\STM32F1xx_DFP\2.2.0\Device\Include

<h2>Collection of Component Files used:</h2>
Build Time Elapsed:  00:00:01
</pre>
</body>
</html>
